// Jest Snapshot v1, https://goo.gl/fbAQLP

exports[`Test for Sign up page should render component 1`] = `
Object {
  "wrapper": <SignupPage
    signIn={[Function]}
    signUp={[Function]}
    store={
      Object {
        "dispatch": [Function],
        "getState": [Function],
        "replaceReducer": [Function],
        "subscribe": [Function],
        Symbol(observable): [Function],
      }
    }
  />,
}
`;
