// Jest Snapshot v1, https://goo.gl/fbAQLP

exports[`Test for Update Recipe page should render component 1`] = `
Object {
  "wrapper": <div
    id="addRecipebody"
  >
    <main
      id="wrapper"
    >
      <div
        className="container full-container"
      >
        <div
          className="row remove-margin-bottom card-width"
        >
          <div
            className="col s12 m10 l8 push-l2 push-m1 form-padding"
          >
            <div
              className="card z-depth-2"
            >
              <span
                className="card-title col s12 m12 l12 text-headers center-align text-color inner"
              >
                 UPDATE RECIPE
              </span>
              <UpdateRecipeForm
                recipe={
                  Object {
                    "id": 3,
                    "name": "something",
                  }
                }
                updateRecipe={[MockFunction]}
              />
            </div>
          </div>
        </div>
      </div>
    </main>
  </div>,
}
`;
