// Jest Snapshot v1, https://goo.gl/fbAQLP

exports[`Test for Sign up form should render component 1`] = `
Object {
  "wrapper": <div
    className="col s12 m8 l7 push-l1 push-m1 form-style"
    id="chpwd"
  >
    <form
      className="col s10 push-s1"
      id="pwdForm"
      onSubmit={[Function]}
    >
      <TextFieldGroup3
        error={Array []}
        icon="lock_outline"
        id="old"
        isDisabled={false}
        label="Old Password:"
        name="oldPassword"
        onChange={[Function]}
        type="password"
        value=""
      />
      <TextFieldGroup3
        error={Array []}
        icon="lock_outline"
        id="new"
        isDisabled={false}
        label="New Password:"
        name="newPassword"
        onChange={[Function]}
        type="password"
        value=""
      />
      <TextFieldGroup3
        error={Array []}
        icon="lock_outline"
        id="confirm"
        isDisabled={false}
        label="Confirm Password:"
        name="newPassword_confirmation"
        onChange={[Function]}
        type="password"
        value=""
      />
      <div
        className="right-align"
      >
        <input
          className="btn grey white-text"
          disabled={false}
          type="submit"
          value="Update"
        />
      </div>
      <span
        className="red-text error-text"
      />
    </form>
  </div>,
}
`;
